\BOOKMARK [0][-]{chapter.1}{\376\377\176\352\213\272}{}% 1
\BOOKMARK [0][-]{chapter.2}{\376\377\166\370\121\163\135\345\117\134\116\016\142\200\147\057\127\372\170\100}{}% 2
\BOOKMARK [0][-]{chapter.3}{\376\377\225\356\230\230\133\232\116\111\116\016\213\276\213\241\166\356\150\007}{}% 3
\BOOKMARK [1][-]{section.3.1}{\376\377\225\356\230\230\133\232\116\111}{chapter.3}% 4
\BOOKMARK [1][-]{section.3.2}{\376\377\122\006\174\173\123\343\137\204}{chapter.3}% 5
\BOOKMARK [1][-]{section.3.3}{\376\377\211\206\166\326\152\041\127\213\116\016\217\271\165\114}{chapter.3}% 6
\BOOKMARK [1][-]{section.3.4}{\376\377\213\276\213\241\166\356\150\007}{chapter.3}% 7
\BOOKMARK [0][-]{chapter.4}{\376\377\174\373\176\337\213\276\213\241}{}% 8
\BOOKMARK [1][-]{section.4.1}{\376\377\140\073\117\123\147\266\147\204}{chapter.4}% 9
\BOOKMARK [1][-]{section.4.2}{\376\377\142\153\143\317\116\073\137\252\163\257}{chapter.4}% 10
\BOOKMARK [1][-]{section.4.3}{\376\377\000m\000e\000m\000c\000a\000g\000e\000\040\215\357\137\204}{chapter.4}% 11
\BOOKMARK [1][-]{section.4.4}{\376\377\000p\000t\000r\000a\000c\000e\000\040\215\357\137\204}{chapter.4}% 12
\BOOKMARK [1][-]{section.4.5}{\376\377\221\115\177\156\232\161\122\250\165\037\142\020\224\376\215\357}{chapter.4}% 13
\BOOKMARK [1][-]{section.4.6}{\376\377\131\032\000\040\000w\000o\000r\000k\000e\000r\000\040\122\006\162\107\116\016\200\132\124\010}{chapter.4}% 14
\BOOKMARK [0][-]{chapter.5}{\376\377\133\236\163\260}{}% 15
\BOOKMARK [1][-]{section.5.1}{\376\377\000R\000I\000S\000C\000-\000V\000\040\116\016\000\040\000A\000A\000r\000c\000h\0006\0004\000\040\124\016\172\357}{chapter.5}% 16
\BOOKMARK [1][-]{section.5.2}{\376\377\176\323\147\234\204\075\166\330\116\016\171\273\176\277\122\006\147\220}{chapter.5}% 17
\BOOKMARK [1][-]{section.5.3}{\376\377\000M\000I\000P\000S\000\040\165\037\142\020\126\150\150\110\117\213}{chapter.5}% 18
\BOOKMARK [1][-]{section.5.4}{\376\377\137\123\122\115\133\236\163\260\217\271\165\114}{chapter.5}% 19
\BOOKMARK [0][-]{chapter.6}{\376\377\133\236\232\214\116\016\213\304\117\060}{}% 20
\BOOKMARK [1][-]{section.6.1}{\376\377\000L\000a\000y\000e\000r\000\040\000A\377\032\172\063\133\232\140\047\116\016\123\327\143\247\150\067\117\213}{chapter.6}% 21
\BOOKMARK [1][-]{section.6.2}{\376\377\000L\000a\000y\000e\000r\000\040\000A\377\032\124\016\172\357\124\036\124\020\133\371\153\324}{chapter.6}% 22
\BOOKMARK [1][-]{section.6.3}{\376\377\000L\000a\000y\000e\000r\000\040\000B\377\032\167\037\133\236\170\154\116\366\131\015\163\260}{chapter.6}% 23
\BOOKMARK [1][-]{section.6.4}{\376\377\000L\000a\000y\000e\000r\000\040\000A\000\040\000/\000\040\000L\000a\000y\000e\000r\000\040\000B\000\040\133\371\161\147}{chapter.6}% 24
\BOOKMARK [1][-]{section.6.5}{\376\377\000L\000a\000y\000e\000r\000\040\000C\377\032\165\037\142\020\126\150\150\110\117\213\170\024\172\166}{chapter.6}% 25
\BOOKMARK [0][-]{chapter.7}{\376\377\213\250\213\272\116\016\134\100\226\120}{}% 26
\BOOKMARK [0][-]{chapter.8}{\376\377\140\073\176\323\116\016\134\125\147\033}{}% 27
\BOOKMARK [0][-]{appendix.A}{\376\377\226\104\137\125\377\032\137\205\210\145\133\236\232\214\116\016\121\231\117\134\123\140\117\115}{}% 28
\BOOKMARK [1][-]{section.A.1}{\376\377\000L\000a\000y\000e\000r\000\040\000B\000\040\137\305\210\145\117\341\140\157}{appendix.A}% 29
\BOOKMARK [1][-]{section.A.2}{\376\377\000L\000a\000y\000e\000r\000\040\000A\000\040\000/\000\040\000L\000a\000y\000e\000r\000\040\000B\000\040\133\371\161\147\136\372\213\256}{appendix.A}% 30
\BOOKMARK [1][-]{section.A.3}{\376\377\126\376\210\150\126\336\130\153\156\005\123\125}{appendix.A}% 31
